00:39:29 **** Incremental Build of configuration Debug for project adc_hack_app ****
make all 
'Building file: ../src/adc_intc_callback.c'
'Invoking: MicroBlaze g++ compiler'
mb-g++ -Wall -O0 -g3 -c -fmessage-length=0 -MT"src/adc_intc_callback.o" -IC:/Users/Bruker/Documents/Bachelor_Elektro_ingenior_med_auto/fpga/vitis_testbench/v3_udp_adc/export/v3_udp_adc/sw/v3_udp_adc/standalone_domain/bspinclude/include -mlittle-endian -mxl-barrel-shift -mxl-pattern-compare -mno-xl-soft-div -mcpu=v11.0 -mno-xl-soft-mul -Wl,--no-relax -ffunction-sections -fdata-sections -MMD -MP -MF"src/adc_intc_callback.d" -MT"src/adc_intc_callback.o" -o "src/adc_intc_callback.o" "../src/adc_intc_callback.c"
'Finished building: ../src/adc_intc_callback.c'
' '
'Building file: ../src/main.cpp'
'Invoking: MicroBlaze g++ compiler'
mb-g++ -Wall -O0 -g3 -c -fmessage-length=0 -MT"src/main.o" -IC:/Users/Bruker/Documents/Bachelor_Elektro_ingenior_med_auto/fpga/vitis_testbench/v3_udp_adc/export/v3_udp_adc/sw/v3_udp_adc/standalone_domain/bspinclude/include -mlittle-endian -mxl-barrel-shift -mxl-pattern-compare -mno-xl-soft-div -mcpu=v11.0 -mno-xl-soft-mul -Wl,--no-relax -ffunction-sections -fdata-sections -MMD -MP -MF"src/main.d" -MT"src/main.o" -o "src/main.o" "../src/main.cpp"
In file included from C:/Users/Bruker/Documents/Bachelor_Elektro_ingenior_med_auto/fpga/vitis_testbench/v3_udp_adc/export/v3_udp_adc/sw/v3_udp_adc/standalone_domain/bspinclude/include/xsysmon.h:219,
                 from ../src/main.cpp:14:
../src/main.cpp: In function 'int main()':
C:/Users/Bruker/Documents/Bachelor_Elektro_ingenior_med_auto/fpga/vitis_testbench/v3_udp_adc/export/v3_udp_adc/sw/v3_udp_adc/standalone_domain/bspinclude/include/xsysmon_hw.h:564:33: warning: unsigned conversion from 'int' to 'u8' {aka 'unsigned char'} changes value from '1048576' to '0' [-Woverflow]
  564 | #define XSM_SEQ_CH_AUX04        0x00100000 /**< 5th Aux Channel */
      |                                 ^~~~~~~~~~
../src/main.cpp:81:64: note: in expansion of macro 'XSM_SEQ_CH_AUX04'
   81 |                         A0 = XSysMon_GetAdcData(SysMonInstPtr, XSM_SEQ_CH_AUX04);
      |                                                                ^~~~~~~~~~~~~~~~
C:/Users/Bruker/Documents/Bachelor_Elektro_ingenior_med_auto/fpga/vitis_testbench/v3_udp_adc/export/v3_udp_adc/sw/v3_udp_adc/standalone_domain/bspinclude/include/xsysmon_hw.h:565:33: warning: unsigned conversion from 'int' to 'u8' {aka 'unsigned char'} changes value from '2097152' to '0' [-Woverflow]
  565 | #define XSM_SEQ_CH_AUX05        0x00200000 /**< 6th Aux Channel */
      |                                 ^~~~~~~~~~
../src/main.cpp:82:64: note: in expansion of macro 'XSM_SEQ_CH_AUX05'
   82 |                         A1 = XSysMon_GetAdcData(SysMonInstPtr, XSM_SEQ_CH_AUX05);
      |                                                                ^~~~~~~~~~~~~~~~
C:/Users/Bruker/Documents/Bachelor_Elektro_ingenior_med_auto/fpga/vitis_testbench/v3_udp_adc/export/v3_udp_adc/sw/v3_udp_adc/standalone_domain/bspinclude/include/xsysmon_hw.h:566:33: warning: unsigned conversion from 'int' to 'u8' {aka 'unsigned char'} changes value from '4194304' to '0' [-Woverflow]
  566 | #define XSM_SEQ_CH_AUX06        0x00400000 /**< 7th Aux Channel */
      |                                 ^~~~~~~~~~
../src/main.cpp:83:64: note: in expansion of macro 'XSM_SEQ_CH_AUX06'
   83 |                         A2 = XSysMon_GetAdcData(SysMonInstPtr, XSM_SEQ_CH_AUX06);
      |                                                                ^~~~~~~~~~~~~~~~
C:/Users/Bruker/Documents/Bachelor_Elektro_ingenior_med_auto/fpga/vitis_testbench/v3_udp_adc/export/v3_udp_adc/sw/v3_udp_adc/standalone_domain/bspinclude/include/xsysmon_hw.h:567:33: warning: unsigned conversion from 'int' to 'u8' {aka 'unsigned char'} changes value from '8388608' to '0' [-Woverflow]
  567 | #define XSM_SEQ_CH_AUX07        0x00800000 /**< 8th Aux Channel */
      |                                 ^~~~~~~~~~
../src/main.cpp:84:64: note: in expansion of macro 'XSM_SEQ_CH_AUX07'
   84 |                         A3 = XSysMon_GetAdcData(SysMonInstPtr, XSM_SEQ_CH_AUX07);
      |                                                                ^~~~~~~~~~~~~~~~
'Finished building: ../src/main.cpp'
' '
'Building target: adc_hack_app.elf'
'Invoking: MicroBlaze g++ linker'
mb-g++ -Wl,-T -Wl,../src/lscript.ld -LC:/Users/Bruker/Documents/Bachelor_Elektro_ingenior_med_auto/fpga/vitis_testbench/v3_udp_adc/export/v3_udp_adc/sw/v3_udp_adc/standalone_domain/bsplib/lib -mlittle-endian -mxl-barrel-shift -mxl-pattern-compare -mno-xl-soft-div -mcpu=v11.0 -mno-xl-soft-mul -Wl,--no-relax -Wl,--gc-sections -o "adc_hack_app.elf"  ./src/adc_intc_callback.o ./src/main.o   -Wl,--start-group,-lxil,-lgcc,-lc,-lstdc++,--end-group
'Finished building target: adc_hack_app.elf'
' '
'Invoking: MicroBlaze Print Size'
mb-size adc_hack_app.elf  |tee "adc_hack_app.elf.size"
   text	   data	    bss	    dec	    hex	filename
  11504	    368	   3296	  15168	   3b40	adc_hack_app.elf
'Finished building: adc_hack_app.elf.size'
' '

00:39:31 Build Finished (took 1s.548ms)

