18:25:26 **** Incremental Build of configuration Debug for project v5_adc_udp_100MHz ****
make all 
'Building file: ../src/main.cpp'
'Invoking: MicroBlaze g++ compiler'
mb-g++ -Wall -O0 -g3 -c -fmessage-length=0 -MT"src/main.o" -IC:/Users/Bruker/Documents/Bachelor_Elektro_ingenior_med_auto/fpga/vitis_testbench/v5_udp_adc/export/v5_udp_adc/sw/v5_udp_adc/standalone_domain/bspinclude/include -mlittle-endian -mcpu=v11.0 -mxl-soft-mul -Wl,--no-relax -ffunction-sections -fdata-sections -MMD -MP -MF"src/main.d" -MT"src/main.o" -o "src/main.o" "../src/main.cpp"
'Finished building: ../src/main.cpp'
' '
'Building target: v5_adc_udp_100MHz.elf'
'Invoking: MicroBlaze g++ linker'
mb-g++ -Wl,-T -Wl,../src/lscript.ld -LC:/Users/Bruker/Documents/Bachelor_Elektro_ingenior_med_auto/fpga/vitis_testbench/v5_udp_adc/export/v5_udp_adc/sw/v5_udp_adc/standalone_domain/bsplib/lib -mlittle-endian -mcpu=v11.0 -mxl-soft-mul -Wl,--no-relax -Wl,--gc-sections -o "v5_adc_udp_100MHz.elf"  ./src/main.o   -Wl,--start-group,-lxil,-lgcc,-lc,-lstdc++,--end-group
'Finished building target: v5_adc_udp_100MHz.elf'
' '
'Invoking: MicroBlaze Print Size'
mb-size v5_adc_udp_100MHz.elf  |tee "v5_adc_udp_100MHz.elf.size"
   text	   data	    bss	    dec	    hex	filename
  11840	    368	   3296	  15504	   3c90	v5_adc_udp_100MHz.elf
'Finished building: v5_adc_udp_100MHz.elf.size'
' '

18:25:29 Build Finished (took 3s.695ms)

