00:56:55 **** Incremental Build of configuration Debug for project v6_udp_adc_81Mhz_app ****
make all 
'Building file: ../src/main.cpp'
'Invoking: MicroBlaze g++ compiler'
mb-g++ -Wall -O0 -g3 -c -fmessage-length=0 -MT"src/main.o" -IC:/Users/Bruker/Documents/Bachelor_Elektro_ingenior_med_auto/fpga/vitis_testbench/v6_udp_adc_81Mhz/export/v6_udp_adc_81Mhz/sw/v6_udp_adc_81Mhz/standalone_domain/bspinclude/include -mlittle-endian -mcpu=v11.0 -mxl-soft-mul -Wl,--no-relax -ffunction-sections -fdata-sections -MMD -MP -MF"src/main.d" -MT"src/main.o" -o "src/main.o" "../src/main.cpp"
'Finished building: ../src/main.cpp'
' '
'Building target: v6_udp_adc_81Mhz_app.elf'
'Invoking: MicroBlaze g++ linker'
mb-g++ -Wl,-T -Wl,../src/lscript.ld -LC:/Users/Bruker/Documents/Bachelor_Elektro_ingenior_med_auto/fpga/vitis_testbench/v6_udp_adc_81Mhz/export/v6_udp_adc_81Mhz/sw/v6_udp_adc_81Mhz/standalone_domain/bsplib/lib -mlittle-endian -mcpu=v11.0 -mxl-soft-mul -Wl,--no-relax -Wl,--gc-sections -o "v6_udp_adc_81Mhz_app.elf"  ./src/main.o   -Wl,--start-group,-lxil,-lgcc,-lc,-lstdc++,--end-group -Wl,--start-group,-lxil,-llwip4,-lgcc,-lc,--end-group
'Finished building target: v6_udp_adc_81Mhz_app.elf'
' '
'Invoking: MicroBlaze Print Size'
mb-size v6_udp_adc_81Mhz_app.elf  |tee "v6_udp_adc_81Mhz_app.elf.size"
   text	   data	    bss	    dec	    hex	filename
  86420	   1772	   3376	  91568	  165b0	v6_udp_adc_81Mhz_app.elf
'Finished building: v6_udp_adc_81Mhz_app.elf.size'
' '

00:56:58 Build Finished (took 2s.998ms)

